// Jest Snapshot v1, https://goo.gl/fbAQLP

exports[`renders correctly 1`] = `
<ul
  id="powers"
>
  <li
    className="germany"
  >
    <div
      className="flag"
    >
      <img
        alt="Germany"
        className="round"
        src="germany.svg"
      />
    </div>
    <div>
      <h1>
        Germany
      </h1>
      <h2>
        56
         I.P.C.s
      </h2>
      <h2>
        56
         N.P.L.
      </h2>
    </div>
  </li>
  <li
    className="ussr"
  >
    <div
      className="flag"
    >
      <img
        alt="USSR"
        className="round"
        src="ussr.svg"
      />
    </div>
    <div>
      <h1>
        USSR
      </h1>
      <h2>
        46
         I.P.C.s
      </h2>
      <h2>
        46
         N.P.L.
      </h2>
    </div>
  </li>
  <li
    className="japan"
  >
    <div
      className="flag"
    >
      <img
        alt="Japan"
        className="round"
        src="japan.svg"
      />
    </div>
    <div>
      <h1>
        Japan
      </h1>
      <h2>
        41
         I.P.C.s
      </h2>
      <h2>
        41
         N.P.L.
      </h2>
    </div>
  </li>
  <li
    className="uk"
  >
    <div
      className="flag"
    >
      <img
        alt="UK"
        className="round"
        src="uk.svg"
      />
    </div>
    <div>
      <h1>
        UK
      </h1>
      <h2>
        70
         I.P.C.s
      </h2>
      <h2>
        70
         N.P.L.
      </h2>
    </div>
  </li>
  <li
    className="italy"
  >
    <div
      className="flag"
    >
      <img
        alt="Italy"
        className="round"
        src="italy.svg"
      />
    </div>
    <div>
      <h1>
        Italy
      </h1>
      <h2>
        27
         I.P.C.s
      </h2>
      <h2>
        27
         N.P.L.
      </h2>
    </div>
  </li>
  <li
    className="us"
  >
    <div
      className="flag"
    >
      <img
        alt="US"
        className="round"
        src="us.svg"
      />
    </div>
    <div>
      <h1>
        US
      </h1>
      <h2>
        67
         I.P.C.s
      </h2>
      <h2>
        67
         N.P.L.
      </h2>
    </div>
  </li>
  <li
    className="china"
  >
    <div
      className="flag"
    >
      <img
        alt="China"
        className="round"
        src="china.svg"
      />
    </div>
    <div
      title="undefined Territories"
    >
      <h1>
        China
      </h1>
      <h2 />
    </div>
  </li>
</ul>
`;
