// Jest Snapshot v1, https://goo.gl/fbAQLP

exports[`renders correctly 1`] = `
<div
  className="dieWrapper"
>
  <div
    className="die"
    style={
      Object {
        "transition": "transform 3s",
      }
    }
  >
    <figure
      className="front"
    >
      <svg
        viewBox="0 0 170 170"
      >
        <circle
          cx="85"
          cy="85"
          r="24"
        />
      </svg>
    </figure>
    <figure
      className="bottom"
    >
      <svg
        viewBox="0 0 170 170"
      >
        <circle
          cx="140"
          cy="30"
          r="24"
        />
        <circle
          cx="30"
          cy="140"
          r="24"
        />
      </svg>
    </figure>
    <figure
      className="left"
    >
      <svg
        viewBox="0 0 170 170"
      >
        <circle
          cx="85"
          cy="85"
          r="24"
        />
        <circle
          cx="140"
          cy="30"
          r="24"
        />
        <circle
          cx="30"
          cy="140"
          r="24"
        />
      </svg>
    </figure>
    <figure
      className="right"
    >
      <svg
        viewBox="0 0 170 170"
      >
        <circle
          cx="140"
          cy="30"
          r="24"
        />
        <circle
          cx="30"
          cy="140"
          r="24"
        />
        <circle
          cx="30"
          cy="30"
          r="24"
        />
        <circle
          cx="140"
          cy="140"
          r="24"
        />
      </svg>
    </figure>
    <figure
      className="top"
    >
      <svg
        viewBox="0 0 170 170"
      >
        <circle
          cx="85"
          cy="85"
          r="24"
        />
        <circle
          cx="140"
          cy="30"
          r="24"
        />
        <circle
          cx="30"
          cy="140"
          r="24"
        />
        <circle
          cx="30"
          cy="30"
          r="24"
        />
        <circle
          cx="140"
          cy="140"
          r="24"
        />
      </svg>
    </figure>
    <figure
      className="back"
    >
      <svg
        viewBox="0 0 170 170"
      >
        <circle
          cx="140"
          cy="30"
          r="24"
        />
        <circle
          cx="30"
          cy="140"
          r="24"
        />
        <circle
          cx="30"
          cy="30"
          r="24"
        />
        <circle
          cx="140"
          cy="140"
          r="24"
        />
        <circle
          cx="30"
          cy="85"
          r="24"
        />
        <circle
          cx="140"
          cy="85"
          r="24"
        />
      </svg>
    </figure>
  </div>
</div>
`;
